  Input file(s): det_qmc_short_orbital_images.in.xml 
================================================================
                        QMCPACK 4.0.9

          (c) Copyright 2003-2023 QMCPACK developers

                         Please cite:
      J. Kim et al. J. Phys. Cond. Mat. 30 195901 (2018)
           https://doi.org/10.1088/1361-648X/aab9c3
                             and
       P. Kent et al. J. Chem. Phys. 152 174105 (2020)
              https://doi.org/10.1063/5.0004860

  Git branch: Orbital_images_test
  Last git commit: f4cc5e6ea25477eb786802ab20678e6995af4f84
  Last git commit date: Wed Apr 23 17:13:37 2025 -0400
  Last git commit subject: Obligatory missing input file
================================================================
  Global options 

  Total number of MPI ranks = 1
  Number of MPI groups      = 1
  MPI group ID              = 0
  Number of ranks in group  = 1
  MPI ranks per node        = 1
  OMP 1st level threads     = 1
  OMP nested threading disabled or only 1 thread on the 2nd level

  Precision used in this calculation, see definitions in the manual:
  Base precision      = double
  Full precision      = double

  CPU only build
  Real build. QMC_COMPLEX=OFF
  Timer build option is enabled. Current timer level is coarse

=================================================
--- Memory usage report : when QMCPACK starts ---
=================================================
Available memory on node 0, free + buffers :   79785 MiB
Memory footprint by rank 0 on node 0       :      27 MiB
=================================================

  Input XML = det_qmc_short_orbital_images.in.xml

  Project = det_qmc_short_orbital_images
  date    = 2025-04-24 13:47:57 EDT
  host    = sulfur.ornl.gov

  hamiltonian has MPC. Will read density if it is found.


 Random Number
 -------------
  Offset for the random number seeds from input file (mod 1024): 71

  Range of prime numbers to use as seeds over processors and threads = 367-373


 Lattice
 -------
  Simulation cell radius   = 1.947495 bohr
  Wigner-Seitz cell radius = 2.385185 bohr

  Overwriting global supercell 
  Long-range breakup parameters:
    rc*kc = 15.000000; rc = 1.947495; kc = 7.702200; tol = 0.000300
  Long-range breakup parameters:
    rc*kc = 15.000000; rc = 1.947495; kc = 7.702200; tol = 0.000300
  KContainer initialised with cutoff 7.702200
   # of K-shell  = 25
   # of K points = 608

  Lattice (bohr):      3.3731611500      3.3731611500                 0
                                  0      3.3731611500      3.3731611500
                       3.3731611500                 0      3.3731611500

  Boundary Conditions:  p  p  p 

  Volume (bohr^3) = 76.7611133056

  Reciprocal vectors without 2*pi.
    g_1 =       0.1482289098      0.1482289098     -0.1482289098
    g_2 =      -0.1482289098      0.1482289098      0.1482289098
    g_3 =       0.1482289098     -0.1482289098      0.1482289098

  Metric tensor in real-space.
    h_1 = 22.7564322877 11.3782161439 11.3782161439 
    h_2 = 11.3782161439 22.7564322877 11.3782161439 
    h_3 = 11.3782161439 11.3782161439 22.7564322877 

  Metric tensor in g-space.
    h_1 = 2.6022368383 -0.8674122794 -0.8674122794 
    h_2 = -0.8674122794 2.6022368383 -0.8674122794 
    h_3 = -0.8674122794 -0.8674122794 2.6022368383 

 Particle Set
 ------------
  Name: e   Offload : no

  All the species have the same mass 1.0000000000

  Creating Structure Factor for periodic systems 7.7022000901
  Particle set size: 8   Groups : 2


 Particle Set
 ------------
  Name: ion0   Offload : no

  All the species have the same mass 21894.7135906000

  Creating Structure Factor for periodic systems 7.7022000901
  Particle set size: 2   Groups : 1


 Many-body wavefunction
 -------------------
  Name: psi0   Tasking: no


   Single particle orbitals (SPO) collection
   -----------------------------------------
    Name: bspline   Type input: bspline

  Created SPOSet builder named 'bspline' of type bspline

     Single particle orbitals (SPO)
     ------------------------------
      Name: spo_ud   Type: spline   Builder class name: EinsplineSetBuilder

  TileMatrix = 
 [  1  0  0
    0  1  0
    0  0  1 ]
  Reading 4 orbitals from HDF5 file.
  HDF5 orbital file version 2.0.0
  Reading orbital file in ESHDF format.
  ESHDF orbital file version 2.0.0
  Lattice = 
    [  3.373161  3.373161  0.000000
       0.000000  3.373161  3.373161
       3.373161  0.000000  3.373161 ]
  SuperLattice = 
    [  3.373161  3.373161  0.000000
       0.000000  3.373161  3.373161
       3.373161  0.000000  3.373161 ]

bands=8, elecs=8, spins=1, twists=1
Atom type(0) = 6
Atom type(1) = 6
  Read 29363 density G-vectors.
  EinsplineSetBuilder found density in the HDF5 file.
  Read 0 VHXC G-vectors.
TIMER  EinsplineSetBuilder::ReadOrbitalInfo 0.0017240080
TIMER  EinsplineSetBuilder::BroadcastOrbitalInfo 0.0000005200
Found 1 distinct supercell twist based on 1 primitive cell k-point
Super twist #0:  [   0.00000   0.00000   0.00000 ]
QMCPACK WARNING twist attribute does't exist but twistnum attribute was found. This is potentially ambiguous. Specifying twist attribute is preferred.
  Using supercell twist 0:  [   0.00000   0.00000   0.00000]
Using 1 copies of twist angle [ 0.000,  0.000,  0.000]
Using real splines.
8 complex-valued orbitals supplied by h5 can be expanded up to 8 SPOs.
Sorting the bands now:
We will read 4 distinct complex-valued orbitals from h5.
    Using real valued spline SPOs with real double precision storage (R2R).
    Running on CPU.
BandInfoGroup::selectBands bigspace has 8 distinct orbitals 
BandInfoGroup::selectBands using distinct orbitals [0,4)
  Number of distinct bands 4
  First Band index 0
  First SPO index 0
  Size of SPOs 4
  ClassName = SplineR2R
  Using real einspline table
NumDistinctOrbitals 4 numOrbs = 4
  TwistIndex = 0 TwistAngle                  0                 0                 0
   HalfG = 000
B-spline mesh factor is 1.0000000000
B-spline mesh size is (40, 40, 40)
Maxmimum number of Gvecs 3695
MEMORY 4 MB allocated for the coefficients in 3D spline orbital representation
Start transforming plane waves to 3D B-Splines.
  Time to gather the table = 0.0000010580
  SplineSetReader initialize_spline_pio 0.0191288150 sec
  Time to bcast the table = 0.0000000960
Time spent in creating B-spline SPOs 0.0214223470 sec

   Single Slater determinant
   -------------------------

     Determinant
     -----------
      Name: 0   Spin group: 0   SPO name: spo_ud

      Setting delay_rank to default value 1
      Using rank-1 Sherman-Morrison Fahy update (SM1)
      Running on CPU.


     Determinant
     -----------
      Name: 0   Spin group: 1   SPO name: spo_ud

      Setting delay_rank to default value 1
      Using rank-1 Sherman-Morrison Fahy update (SM1)
      Running on CPU.

  Added a fermionic WaveFunctionComponent SlaterDet

   Jastrow
   -------
    Name: J1   Type: One-Body   Function: bspline

    Radial function for element: C - e
    Jastrow cutoff unspecified.  Setting to Wigner-Seitz radius = 2.3851851232

     Number of parameters: 8
     Cusp: 0.0000000000
     Cutoff radius: 2.3851851232

     Name                        Value Type Use Index
     ---- ---------------------------- ---- --- -----
     eC_0                -2.032153e-01    1  ON     0
     eC_1                -1.625596e-01    1  ON     1
     eC_2                -1.431246e-01    1  ON     2
     eC_3                -1.216435e-01    1  ON     3
     eC_4                -9.919772e-02    1  ON     4
     eC_5                -7.111729e-02    1  ON     5
     eC_6                -4.445346e-02    1  ON     6
     eC_7                -2.135083e-02    1  ON     7


   Jastrow
   -------
    Name: J2   Type: Two-Body   Function: bspline

    Radial function for species: u - u
    Jastrow cutoff unspecified.  Setting to Wigner-Seitz radius = 2.38519

     Number of parameters: 8
     Cusp: -0.25
     Cutoff radius: 2.38519

     Name                        Value Type Use Index
     ---- ---------------------------- ---- --- -----
     uu_0                 2.797730e-01    1  ON     0
     uu_1                 2.172604e-01    1  ON     1
     uu_2                 1.656173e-01    1  ON     2
     uu_3                 1.216984e-01    1  ON     3
     uu_4                 8.399535e-02    1  ON     4
     uu_5                 5.302066e-02    1  ON     5
     uu_6                 2.915954e-02    1  ON     6
     uu_7                 1.224026e-02    1  ON     7

    Radial function for species: u - d
    Jastrow cutoff unspecified.  Setting to Wigner-Seitz radius = 2.38519

     Number of parameters: 8
     Cusp: -0.5
     Cutoff radius: 2.38519

     Name                        Value Type Use Index
     ---- ---------------------------- ---- --- -----
     ud_0                 4.631100e-01    1  ON     0
     ud_1                 3.563991e-01    1  ON     1
     ud_2                 2.587895e-01    1  ON     2
     ud_3                 1.829299e-01    1  ON     3
     ud_4                 1.233653e-01    1  ON     4
     ud_5                 7.714708e-02    1  ON     5
     ud_6                 4.145899e-02    1  ON     6
     ud_7                 1.690646e-02    1  ON     7

  Adding psi0 TrialWaveFunction to the pool

 Hamiltonian and observables
 ---------------------------
  Name: h0

  QMCHamiltonian::addOperator Kinetic to H, physical Hamiltonian 

   Pseudo Potential
   ----------------
    Name: PseudoPot   Wavefunction : psi0


  Adding pseudopotential for C
   Linear grid  ri=0 rf=10 npts = 10001
    ECPComponentBuilder::buildSemiLocalAndLocal 
QMCPACK WARNING Nrule was not determined from qmcpack input or pseudopotential file. Setting sensible default.
    Assuming Hartree unit
 l-local setting found in pseudopotential file and used.
   Number of angular momentum channels 2
   Maximum angular momentum channel (Lmax) 1
   Creating a Linear Grid Rmax=1.7
  Using global grid with delta = 0.001
   Making L=1 a local potential with a radial cutoff of 9.999
  Quadrature Nrule: 4
    Non-local pseudopotential parameters
    Maximum angular momentum = 0
    Number of non-local channels = 1
       l(0)=0
    Cutoff radius = 1.7
    Number of spherical integration grid points = 12
    Spherical grid and weights: 
                        1                 0                 0       0.08333333333
                       -1   1.224646799e-16                 0       0.08333333333
             0.4472135955       0.894427191                 0       0.08333333333
            -0.4472135955      0.7236067977      0.5257311121       0.08333333333
             0.4472135955      0.2763932023      0.8506508084       0.08333333333
            -0.4472135955     -0.2763932023      0.8506508084       0.08333333333
             0.4472135955     -0.7236067977      0.5257311121       0.08333333333
            -0.4472135955      -0.894427191   1.095357397e-16       0.08333333333
             0.4472135955     -0.7236067977     -0.5257311121       0.08333333333
            -0.4472135955     -0.2763932023     -0.8506508084       0.08333333333
             0.4472135955      0.2763932023     -0.8506508084       0.08333333333
            -0.4472135955      0.7236067977     -0.5257311121       0.08333333333
    Maximum cutoff radius 1.7

  Creating CoulombHandler with the Esler Optimized Breakup. 
  KContainer initialised with cutoff 44.35276521
   # of K-shell  = 759
   # of K points = 113394

  NUMBER OF OPT_BREAK KVECS = 37906580313
 finding kc:  7.70220009 , 7.70220009
  LRBreakp parameter Kc =7.70220009
    Continuum approximation in k = [44.35276521,3080.880036)

   LR Breakup chi^2 = 1.13641e-15
   Constant of PBCAB 1.2787
    CoulombPBCAB::initBreakup
  Setting a linear grid=[0,1.9475) number of grid points =1001
  Rcut                1.9475
  Maximum K shell     24
  Number of k vectors 608
    CoulombPBCAB::add 
 Setting a linear grid=[0,1.9475) number of grid =1948
    Creating the short-range pseudopotential for species 0
  QMCHamiltonian::addOperator LocalECP to H, physical Hamiltonian 

  Using NonLocalECP potential 
    Maximum grid on a sphere for NonLocalECPotential: 12
    Using batched ratio computing in NonLocalECP
  QMCHamiltonian::addOperator NonLocalECP to H, physical Hamiltonian 

   Coulomb Potential
   -----------------
    Name: ElecElec   Type: AA   PBC: yes

  Clone CoulombHandler. 
   PBCAA self-interaction term -6.2993
   PBCAA total constant -6.9387
    CoulombPBCAA::initBreakup
  Setting a linear grid=[0,1.9475) number of grid points =1001
  Maximum K shell 24
  Number of k vectors 608
  Fixed Coulomb potential for e
    e-e Madelung Const. =-0.33980456
    Vtot     =0
  QMCHamiltonian::addOperator ElecElec to H, physical Hamiltonian 
QMCHamiltonian::addOperatorType added type coulomb named ElecElec

   Coulomb Potential
   -----------------
    Name: IonIon   Type: AA   PBC: yes

  Clone CoulombHandler. 
   PBCAA self-interaction term -25.197379
   PBCAA total constant -25.83674
    CoulombPBCAA::initBreakup
  Setting a linear grid=[0,1.9474955) number of grid points =1001
Checking ion-ion Ewald energy against reference...
  Check passed.
  Maximum K shell 24
  Number of k vectors 608
  Fixed Coulomb potential for ion0
    e-e Madelung Const. =-0.33980456
    Vtot     =-12.775667
  QMCHamiltonian::addOperator IonIon to H, physical Hamiltonian 
QMCHamiltonian::addOperatorType added type coulomb named IonIon

   MPC Potential
   -------------
    Name: MPC   Physical : false


  === Initializing MPC interaction === 
  Using 609 G-vectors for MPC interaction.
   Using real-space box of size [20,20,20] for MPC spline.
    Linear extrap    = 4.733389420197e-01
    Quadratic extrap = 4.733389419372e-01
    Worst MPC discrepancy:
      Linear Extrap   : -9.98876324296009e-05
      Quadratic Extrap: -9.98878520817299e-05
  Constant potential = 1.843232323795e+01
  === MPC interaction initialized === 

  QMCHamiltonian::addOperator MPC to auxH 
QMCHamiltonian::addOperatorType added type MPC named MPC
  QMCHamiltonian::addOperator Flux to auxH 
QMCHamiltonian::addOperatorType added type flux named Flux
  Adding OrbitalImages
OrbitalImages::put
  getting sposets
  OrbitalImages report
    derivatives = 0
    nsposets    = 1 1 1
    spo_ud = all 4 orbitals
    npoints     = 262144
    grid        = 646464
    corner      =                  0                 0                 0
    center      =   3.3731611500e+00  3.3731611500e+00  3.3731611500e+00
    center_grid = 1
    cell 
      0   3.3731611500e+00  3.3731611500e+00                 0
      1                  0  3.3731611500e+00  3.3731611500e+00
      2   3.3731611500e+00                 0  3.3731611500e+00
    end cell 
  end OrbitalImages report
end OrbitalImages::put
  QMCHamiltonian::addOperator OrbitalImages to auxH 
QMCHamiltonian::addOperatorType added type orbitalimages named OrbitalImages

  QMCHamiltonian::add2WalkerProperty added
    7 to P::PropertyList 
    0 to P::Collectables 
    starting Index of the observables in P::PropertyList = 9
ParticleSetPool::randomize 0 ParticleSets.
  Initialization Execution time = 1.1123e+00 secs
=========================================================
 Summary of QMC systems 
=========================================================
ParticleSetPool has: 

  ParticleSet 'e' contains 8 particles :  u(4) d(4)

    u  7.4125823422e-01  8.2309151357e-01  9.5237299161e-01
    u  2.6821803912e+00  1.0154339647e+00  1.9545335643e+00
    u  2.6097248838e+00  3.3609433581e+00  1.1842598752e+00
    u  1.3921971660e+00  1.5794564657e+00  1.1741468985e+00
    d  6.3137186320e+00  3.1713422806e+00  3.3442592540e+00
    d  2.7538441626e+00  9.0822096037e-01  3.0332618003e+00
    d  2.8390365069e+00  2.0223800678e+00  1.8232400797e+00
    d  6.7324695900e-01  1.6348076343e+00  1.1017817524e+00

  Distance table for dissimilar particles (A-B):
    source: ion0  target: e
    Using structure-of-arrays (SoA) data layout
    Distance computations use general periodic cell in 3D with corner image checks.

  Distance table for similar particles (A-A):
    source/target: e
    Using structure-of-arrays (SoA) data layout
    Distance computations use general periodic cell in 3D with corner image checks.


  ParticleSet 'ion0' contains 2 particles :  C(2)

    C                 0                 0                 0
    C  1.6865805800e+00  1.6865805800e+00  1.6865805800e+00

  Distance table for similar particles (A-A):
    source/target: ion0
    Using structure-of-arrays (SoA) data layout
    Distance computations use general periodic cell in 3D with corner image checks.


  Hamiltonian h0
  Kinetic         Kinetic energy
  LocalECP        CoulombPBCAB potential source: ion0
  NonLocalECP     NonLocalECPotential: ion0
  ElecElec        CoulombPBCAA potential: e_e
  IonIon          CoulombPBCAA potential: ion0_ion0


=========================================================
  Start VMC
  File Root det_qmc_short_orbital_images.s000 append = no 
=========================================================
Resetting walkers
  Adding 1 walkers to 0 existing sets
  Total number of walkers: 1.1383272480e-320
  Total weight: 1.6213666826e-316
  Resetting Properties of the walkers 1 x 16

<vmc function="put">
  qmc_counter=0  my_counter=0
  time step      = 3.0000000000e-01
  blocks         = 3
  steps          = 3
  substeps       = 2
  current        = 0
  target samples = 0.0000000000e+00
  walkers/mpi    = 1

  stepsbetweensamples = 12
<parameter name="blocks">3</parameter>
<parameter name="blocks_between_recompute">10</parameter>
<parameter name="check_properties">100</parameter>
<parameter name="checkproperties">100</parameter>
<parameter name="current">0</parameter>
<parameter name="dmcwalkersperthread">0.0000000000e+00</parameter>
<parameter name="max_seconds">360000</parameter>
<parameter name="maxcpusecs">360000</parameter>
<parameter name="record_configs">0</parameter>
<parameter name="record_walkers">12</parameter>
<parameter name="recordconfigs">0</parameter>
<parameter name="recordwalkers">12</parameter>
<parameter name="samples">0.0000000000e+00</parameter>
<parameter name="samplesperthread">0.0000000000e+00</parameter>
<parameter name="spin_mass">1.0000000000e+00</parameter>
<parameter name="spinmass">1.0000000000e+00</parameter>
<parameter name="steps">3</parameter>
<parameter name="stepsbetweensamples">12</parameter>
<parameter name="sub_steps">2</parameter>
<parameter name="substeps">2</parameter>
<parameter name="tau">3.0000000000e-01</parameter>
<parameter name="time_step">3.0000000000e-01</parameter>
<parameter name="timestep">3.0000000000e-01</parameter>
<parameter name="use_drift">yes</parameter>
<parameter name="usedrift">yes</parameter>
<parameter name="walkers">1</parameter>
<parameter name="warmup_steps">3</parameter>
<parameter name="warmupsteps">3</parameter>
  DumpConfig==true Configurations are dumped to config.h5 with a period of 3 blocks
  Walker Samples are dumped every 12 steps.
</vmc>
  Set drift_modifier UNR parameter a = 1.0000000000e+00
  Initial partition of walkers 0 1 

  Using Particle by Particle moves
  Walker moves with drift
  Total Sample Size   =0
  Walker distribution on root = 0 1 
  Using Locality Approximation

OrbitalImages::evaluate  writing orbital images
  generating grid 646464
  evaluating all orbitals
  evaluating orbitals in spo_ud on the grid
    evaluating orbital batch 0 to 3 out of 4
    writing all orbitals in the batch
      writing file: spo_ud_orbital_0000.xsf
      writing file: spo_ud_orbital_0000_imag.xsf
      writing file: spo_ud_orbital_0000_abs.xsf
      writing file: spo_ud_orbital_0000_abs2.xsf
      writing file: spo_ud_orbital_0001.xsf
      writing file: spo_ud_orbital_0001_imag.xsf
      writing file: spo_ud_orbital_0001_abs.xsf
      writing file: spo_ud_orbital_0001_abs2.xsf
      writing file: spo_ud_orbital_0002.xsf
      writing file: spo_ud_orbital_0002_imag.xsf
      writing file: spo_ud_orbital_0002_abs.xsf
      writing file: spo_ud_orbital_0002_abs2.xsf
    evaluating orbital batch 3 to 4 out of 4
    writing all orbitals in the batch
      writing file: spo_ud_orbital_0003.xsf
      writing file: spo_ud_orbital_0003_imag.xsf
      writing file: spo_ud_orbital_0003_abs.xsf
      writing file: spo_ud_orbital_0003_abs2.xsf
OrbitalImages::evaluate  orbital images written successfully, exiting.

